node.exe : npm warn 
using --force 
Recommended 
protections disabled.
At line:1 char:1
+ & "C:\Program Files\
nodejs/node.exe" 
"C:\Program 
Files\nodejs/node_mo 
...
+ ~~~~~~~~~~~~~~~~~~~~
~~~~~~~~~~~~~~~~~~~~~~
~~~~~~~~~~~~~~~~~~~~~~
~~~~~
    + CategoryInfo    
          : NotSpeci  
  fied: (npm warn u   
 sing ...tions dis    
abled.:String) []    
, RemoteException
    + FullyQualifiedE 
   rrorId : NativeCo  
  mmandError
 

> streamlux@0.1.0 build
> react-scripts build

Creating an optimized production build...
Compiled with warnings.

Failed to parse source map from 'C:\Users\mukht\Desktop\VS projects\STREAMLUX-main\node_modules\@capacitor-community\admob\src\banner\banner-ad-options.interface.ts' file: Error: ENOENT: no such file or directory, open 'C:\Users\mukht\Desktop\VS projects\STREAMLUX-main\node_modules\@capacitor-community\admob\src\banner\banner-ad-options.interface.ts'

Failed to parse source map from 'C:\Users\mukht\Desktop\VS projects\STREAMLUX-main\node_modules\@capacitor-community\admob\src\banner\banner-ad-plugin-events.enum.ts' file: Error: ENOENT: no such file or directory, open 'C:\Users\mukht\Desktop\VS projects\STREAMLUX-main\node_modules\@capacitor-community\admob\src\banner\banner-ad-plugin-events.enum.ts'

Failed to parse source map from 'C:\Users\mukht\Desktop\VS projects\STREAMLUX-main\node_modules\@capacitor-community\admob\src\banner\banner-ad-position.enum.ts' file: Error: ENOENT: no such file or directory, open 'C:\Users\mukht\Desktop\VS projects\STREAMLUX-main\node_modules\@capacitor-community\admob\src\banner\banner-ad-position.enum.ts'

Failed to parse source map from 'C:\Users\mukht\Desktop\VS projects\STREAMLUX-main\node_modules\@capacitor-community\admob\src\banner\banner-ad-size.enum.ts' file: Error: ENOENT: no such file or directory, open 'C:\Users\mukht\Desktop\VS projects\STREAMLUX-main\node_modules\@capacitor-community\admob\src\banner\banner-ad-size.enum.ts'

Failed to parse source map from 'C:\Users\mukht\Desktop\VS projects\STREAMLUX-main\node_modules\@capacitor-community\admob\src\banner\banner-definitions.interface.ts' file: Error: ENOENT: no such file or directory, open 'C:\Users\mukht\Desktop\VS projects\STREAMLUX-main\node_modules\@capacitor-community\admob\src\banner\banner-definitions.interface.ts'

Failed to parse source map from 'C:\Users\mukht\Desktop\VS projects\STREAMLUX-main\node_modules\@capacitor-community\admob\src\banner\banner-size.interface.ts' file: Error: ENOENT: no such file or directory, open 'C:\Users\mukht\Desktop\VS projects\STREAMLUX-main\node_modules\@capacitor-community\admob\src\banner\banner-size.interface.ts'

Failed to parse source map from 'C:\Users\mukht\Desktop\VS projects\STREAMLUX-main\node_modules\@capacitor-community\admob\src\banner\index.ts' file: Error: ENOENT: no such file or directory, open 'C:\Users\mukht\Desktop\VS projects\STREAMLUX-main\node_modules\@capacitor-community\admob\src\banner\index.ts'

Failed to parse source map from 'C:\Users\mukht\Desktop\VS projects\STREAMLUX-main\node_modules\@capacitor-community\admob\src\consent\consent-debug-geography.enum.ts' file: Error: ENOENT: no such file or directory, open 'C:\Users\mukht\Desktop\VS projects\STREAMLUX-main\node_modules\@capacitor-community\admob\src\consent\consent-debug-geography.enum.ts'

Failed to parse source map from 'C:\Users\mukht\Desktop\VS projects\STREAMLUX-main\node_modules\@capacitor-community\admob\src\consent\consent-definition.interface.ts' file: Error: ENOENT: no such file or directory, open 'C:\Users\mukht\Desktop\VS projects\STREAMLUX-main\node_modules\@capacitor-community\admob\src\consent\consent-definition.interface.ts'

Failed to parse source map from 'C:\Users\mukht\Desktop\VS projects\STREAMLUX-main\node_modules\@capacitor-community\admob\src\consent\consent-info.interface.ts' file: Error: ENOENT: no such file or directory, open 'C:\Users\mukht\Desktop\VS projects\STREAMLUX-main\node_modules\@capacitor-community\admob\src\consent\consent-info.interface.ts'

Failed to parse source map from 'C:\Users\mukht\Desktop\VS projects\STREAMLUX-main\node_modules\@capacitor-community\admob\src\consent\consent-request-options.interface.ts' file: Error: ENOENT: no such file or directory, open 'C:\Users\mukht\Desktop\VS projects\STREAMLUX-main\node_modules\@capacitor-community\admob\src\consent\consent-request-options.interface.ts'

Failed to parse source map from 'C:\Users\mukht\Desktop\VS projects\STREAMLUX-main\node_modules\@capacitor-community\admob\src\consent\consent-status.enum.ts' file: Error: ENOENT: no such file or directory, open 'C:\Users\mukht\Desktop\VS projects\STREAMLUX-main\node_modules\@capacitor-community\admob\src\consent\consent-status.enum.ts'

Failed to parse source map from 'C:\Users\mukht\Desktop\VS projects\STREAMLUX-main\node_modules\@capacitor-community\admob\src\consent\index.ts' file: Error: ENOENT: no such file or directory, open 'C:\Users\mukht\Desktop\VS projects\STREAMLUX-main\node_modules\@capacitor-community\admob\src\consent\index.ts'

Failed to parse source map from 'C:\Users\mukht\Desktop\VS projects\STREAMLUX-main\node_modules\@capacitor-community\admob\src\consent\privacy-options-requirement-status.enum.ts' file: Error: ENOENT: no such file or directory, open 'C:\Users\mukht\Desktop\VS projects\STREAMLUX-main\node_modules\@capacitor-community\admob\src\consent\privacy-options-requirement-status.enum.ts'

Failed to parse source map from 'C:\Users\mukht\Desktop\VS projects\STREAMLUX-main\node_modules\@capacitor-community\admob\src\definitions.ts' file: Error: ENOENT: no such file or directory, open 'C:\Users\mukht\Desktop\VS projects\STREAMLUX-main\node_modules\@capacitor-community\admob\src\definitions.ts'

Failed to parse source map from 'C:\Users\mukht\Desktop\VS projects\STREAMLUX-main\node_modules\@capacitor-community\admob\src\index.ts' file: Error: ENOENT: no such file or directory, open 'C:\Users\mukht\Desktop\VS projects\STREAMLUX-main\node_modules\@capacitor-community\admob\src\index.ts'

Failed to parse source map from 'C:\Users\mukht\Desktop\VS projects\STREAMLUX-main\node_modules\@capacitor-community\admob\src\interstitial\index.ts' file: Error: ENOENT: no such file or directory, open 'C:\Users\mukht\Desktop\VS projects\STREAMLUX-main\node_modules\@capacitor-community\admob\src\interstitial\index.ts'

Failed to parse source map from 'C:\Users\mukht\Desktop\VS projects\STREAMLUX-main\node_modules\@capacitor-community\admob\src\interstitial\interstitial-ad-plugin-events.enum.ts' file: Error: ENOENT: no such file or directory, open 'C:\Users\mukht\Desktop\VS projects\STREAMLUX-main\node_modules\@capacitor-community\admob\src\interstitial\interstitial-ad-plugin-events.enum.ts'

Failed to parse source map from 'C:\Users\mukht\Desktop\VS projects\STREAMLUX-main\node_modules\@capacitor-community\admob\src\interstitial\interstitial-definitions.interface.ts' file: Error: ENOENT: no such file or directory, open 'C:\Users\mukht\Desktop\VS projects\STREAMLUX-main\node_modules\@capacitor-community\admob\src\interstitial\interstitial-definitions.interface.ts'

Failed to parse source map from 'C:\Users\mukht\Desktop\VS projects\STREAMLUX-main\node_modules\@capacitor-community\admob\src\reward-interstitial\index.ts' file: Error: ENOENT: no such file or directory, open 'C:\Users\mukht\Desktop\VS projects\STREAMLUX-main\node_modules\@capacitor-community\admob\src\reward-interstitial\index.ts'

Failed to parse source map from 'C:\Users\mukht\Desktop\VS projects\STREAMLUX-main\node_modules\@capacitor-community\admob\src\reward-interstitial\reward-interstitial-ad-options.interface.ts' file: Error: ENOENT: no such file or directory, open 'C:\Users\mukht\Desktop\VS projects\STREAMLUX-main\node_modules\@capacitor-community\admob\src\reward-interstitial\reward-interstitial-ad-options.interface.ts'

Failed to parse source map from 'C:\Users\mukht\Desktop\VS projects\STREAMLUX-main\node_modules\@capacitor-community\admob\src\reward-interstitial\reward-interstitial-ad-plugin-events.enum.ts' file: Error: ENOENT: no such file or directory, open 'C:\Users\mukht\Desktop\VS projects\STREAMLUX-main\node_modules\@capacitor-community\admob\src\reward-interstitial\reward-interstitial-ad-plugin-events.enum.ts'

Failed to parse source map from 'C:\Users\mukht\Desktop\VS projects\STREAMLUX-main\node_modules\@capacitor-community\admob\src\reward-interstitial\reward-interstitial-definitions.interface.ts' file: Error: ENOENT: no such file or directory, open 'C:\Users\mukht\Desktop\VS projects\STREAMLUX-main\node_modules\@capacitor-community\admob\src\reward-interstitial\reward-interstitial-definitions.interface.ts'

Failed to parse source map from 'C:\Users\mukht\Desktop\VS projects\STREAMLUX-main\node_modules\@capacitor-community\admob\src\reward-interstitial\reward-interstitial-item.interface.ts' file: Error: ENOENT: no such file or directory, open 'C:\Users\mukht\Desktop\VS projects\STREAMLUX-main\node_modules\@capacitor-community\admob\src\reward-interstitial\reward-interstitial-item.interface.ts'

Failed to parse source map from 'C:\Users\mukht\Desktop\VS projects\STREAMLUX-main\node_modules\@capacitor-community\admob\src\reward\index.ts' file: Error: ENOENT: no such file or directory, open 'C:\Users\mukht\Desktop\VS projects\STREAMLUX-main\node_modules\@capacitor-community\admob\src\reward\index.ts'

Failed to parse source map from 'C:\Users\mukht\Desktop\VS projects\STREAMLUX-main\node_modules\@capacitor-community\admob\src\reward\reward-ad-options.interface.ts' file: Error: ENOENT: no such file or directory, open 'C:\Users\mukht\Desktop\VS projects\STREAMLUX-main\node_modules\@capacitor-community\admob\src\reward\reward-ad-options.interface.ts'

Failed to parse source map from 'C:\Users\mukht\Desktop\VS projects\STREAMLUX-main\node_modules\@capacitor-community\admob\src\reward\reward-ad-plugin-events.enum.ts' file: Error: ENOENT: no such file or directory, open 'C:\Users\mukht\Desktop\VS projects\STREAMLUX-main\node_modules\@capacitor-community\admob\src\reward\reward-ad-plugin-events.enum.ts'

Failed to parse source map from 'C:\Users\mukht\Desktop\VS projects\STREAMLUX-main\node_modules\@capacitor-community\admob\src\reward\reward-definitions.interface.ts' file: Error: ENOENT: no such file or directory, open 'C:\Users\mukht\Desktop\VS projects\STREAMLUX-main\node_modules\@capacitor-community\admob\src\reward\reward-definitions.interface.ts'

Failed to parse source map from 'C:\Users\mukht\Desktop\VS projects\STREAMLUX-main\node_modules\@capacitor-community\admob\src\reward\reward-item.interface.ts' file: Error: ENOENT: no such file or directory, open 'C:\Users\mukht\Desktop\VS projects\STREAMLUX-main\node_modules\@capacitor-community\admob\src\reward\reward-item.interface.ts'

Failed to parse source map from 'C:\Users\mukht\Desktop\VS projects\STREAMLUX-main\node_modules\@capacitor-community\admob\src\shared\ad-load-info.interface.ts' file: Error: ENOENT: no such file or directory, open 'C:\Users\mukht\Desktop\VS projects\STREAMLUX-main\node_modules\@capacitor-community\admob\src\shared\ad-load-info.interface.ts'

Failed to parse source map from 'C:\Users\mukht\Desktop\VS projects\STREAMLUX-main\node_modules\@capacitor-community\admob\src\shared\ad-options.interface.ts' file: Error: ENOENT: no such file or directory, open 'C:\Users\mukht\Desktop\VS projects\STREAMLUX-main\node_modules\@capacitor-community\admob\src\shared\ad-options.interface.ts'

Failed to parse source map from 'C:\Users\mukht\Desktop\VS projects\STREAMLUX-main\node_modules\@capacitor-community\admob\src\shared\admob-error.interface.ts' file: Error: ENOENT: no such file or directory, open 'C:\Users\mukht\Desktop\VS projects\STREAMLUX-main\node_modules\@capacitor-community\admob\src\shared\admob-error.interface.ts'

Failed to parse source map from 'C:\Users\mukht\Desktop\VS projects\STREAMLUX-main\node_modules\@capacitor-community\admob\src\shared\index.ts' file: Error: ENOENT: no such file or directory, open 'C:\Users\mukht\Desktop\VS projects\STREAMLUX-main\node_modules\@capacitor-community\admob\src\shared\index.ts'

Failed to parse source map from 'C:\Users\mukht\Desktop\VS projects\STREAMLUX-main\node_modules\@capacitor-community\admob\src\web.ts' file: Error: ENOENT: no such file or directory, open 'C:\Users\mukht\Desktop\VS projects\STREAMLUX-main\node_modules\@capacitor-community\admob\src\web.ts'

[eslint] 
src\components\Common\Comments.tsx
  Line 9:5:  'orderBy' is defined but never used  @typescript-eslint/no-unused-vars

src\components\Common\DownloadOptions.tsx
  Line 4:10:    'MdMovieFilter' is defined but never used      @typescript-eslint/no-unused-vars
  Line 6:10:    'downloadService' is defined but never used    @typescript-eslint/no-unused-vars
  Line 6:41:    'DownloadProgress' is defined but never used   @typescript-eslint/no-unused-vars
  Line 68:9:    'abortRef' is assigned a value but never used  @typescript-eslint/no-unused-vars
  Line 102:55:  Unnecessary escape character: \-               no-useless-escape

src\components\Common\LazySection.tsx
  Line 64:8:  React Hook useEffect has missing dependencies: 'hasLoaded' and 'isLoading'. Either include them or remove the dependency array  react-hooks/exhaustive-deps

src\components\Common\Protected.tsx
  Line 2:16:  'Navigate' is defined but never used  @typescript-eslint/no-unused-vars

src\components\Common\Sidebar.tsx
  Line 10:10:  'LazyLoadImage' is defined but never used    @typescript-eslint/no-unused-vars
  Line 19:7:   'GENRES' is assigned a value but never used  @typescript-eslint/no-unused-vars

src\components\Common\UserRating.tsx
  Line 40:8:  React Hook useEffect has a missing dependency: 'mediaId'. Either include it or remove the dependency array  react-hooks/exhaustive-deps
  Line 53:8:  React Hook useEffect has a missing dependency: 'mediaId'. Either include it or remove the dependency array  react-hooks/exhaustive-deps

src\components\Explore\ExploreResult.tsx
  Line 1:10:    'motion' is defined but never used                                                                                                        @typescript-eslint/no-unused-vars
  Line 1:18:    'AnimatePresence' is defined but never used                                                                                               @typescript-eslint/no-unused-vars
  Line 189:6:   React Hook useEffect has a missing dependency: 'buildConfig'. Either include it or remove the dependency array                            react-hooks/exhaustive-deps
  Line 189:43:  React Hook useEffect has a complex expression in the dependency array. Extract it to a separate variable so it can be statically checked  react-hooks/exhaustive-deps

src\components\Explore\FilterBy.tsx
  Line 1:10:  'motion' is defined but never used           @typescript-eslint/no-unused-vars
  Line 1:18:  'AnimatePresence' is defined but never used  @typescript-eslint/no-unused-vars

src\components\Explore\SortBy.tsx
  Line 1:10:  'motion' is defined but never used           @typescript-eslint/no-unused-vars
  Line 1:18:  'AnimatePresence' is defined but never used  @typescript-eslint/no-unused-vars

src\components\FilmWatch\FilmWatch.tsx
  Line 3:41:   'AiOutlineDownload' is defined but never used                                                             @typescript-eslint/no-unused-vars
  Line 4:10:   'BsThreeDotsVertical' is defined but never used                                                           @typescript-eslint/no-unused-vars
  Line 22:8:   'SearchBox' is defined but never used                                                                     @typescript-eslint/no-unused-vars
  Line 24:8:   'SidebarMini' is defined but never used                                                                   @typescript-eslint/no-unused-vars
  Line 25:8:   'Skeleton' is defined but never used                                                                      @typescript-eslint/no-unused-vars
  Line 31:8:   'PlayerControls' is defined but never used                                                                @typescript-eslint/no-unused-vars
  Line 54:11:  'isMobile' is assigned a value but never used                                                             @typescript-eslint/no-unused-vars
  Line 98:6:   React Hook useEffect has a missing dependency: 'title'. Either include it or remove the dependency array  react-hooks/exhaustive-deps

src\components\FilmWatch\VideoPlayer.tsx
  Line 182:8:  React Hook useEffect has a missing dependency: 'currentSource'. Either include it or remove the dependency array  react-hooks/exhaustive-deps

src\components\Home\DiverseContent.tsx
  Line 28:3:  'getThrillerMovies' is defined but never used   @typescript-eslint/no-unused-vars
  Line 34:3:  'getAdventureMovies' is defined but never used  @typescript-eslint/no-unused-vars
  Line 35:3:  'getFantasyMovies' is defined but never used    @typescript-eslint/no-unused-vars
  Line 56:3:  'getMysteryTV' is defined but never used        @typescript-eslint/no-unused-vars

src\components\Sports\LiveSportsTicker.tsx
  Line 5:10:  'Link' is defined but never used  @typescript-eslint/no-unused-vars

src\components\Sports\SportsMainContent.tsx
  Line 2:10:    'Link' is defined but never used                @typescript-eslint/no-unused-vars
  Line 7:26:    'SPORTS_CHANNELS' is defined but never used     @typescript-eslint/no-unused-vars
  Line 336:27:  'targetUrl' is assigned a value but never used  @typescript-eslint/no-unused-vars

src\components\YouTube\YouTubeDetail.tsx
  Line 22:8:  'ReadMore' is defined but never used  @typescript-eslint/no-unused-vars

src\hooks\useCollectionQuery.ts
  Line 12:11:   'TMDBCollectionQueryParams' is defined but never used                                                          @typescript-eslint/no-unused-vars
  Line 191:31:  'filteredResults' is assigned to itself                                                                        no-self-assign
  Line 306:6:   React Hook useEffect has a missing dependency: 'collection'. Either include it or remove the dependency array  react-hooks/exhaustive-deps

src\hooks\useHomeData.ts
  Line 2:10:  'useEffect' is defined but never used             @typescript-eslint/no-unused-vars
  Line 13:9:  'queryClient' is assigned a value but never used  @typescript-eslint/no-unused-vars

src\pages\CalendarPage.tsx
  Line 5:10:    'Item' is defined but never used                  @typescript-eslint/no-unused-vars
  Line 81:15:   'todayStr' is assigned a value but never used     @typescript-eslint/no-unused-vars
  Line 116:15:  'currentYear' is assigned a value but never used  @typescript-eslint/no-unused-vars

src\pages\Explore.tsx
  Line 10:8:   'YouTubeGrid' is defined but never used           @typescript-eslint/no-unused-vars
  Line 15:9:   'navigate' is assigned a value but never used     @typescript-eslint/no-unused-vars
  Line 43:56:  'ytError' is assigned a value but never used      @typescript-eslint/no-unused-vars
  Line 55:11:  'voteAverage' is assigned a value but never used  @typescript-eslint/no-unused-vars
  Line 63:55:  'runtime' is assigned a value but never used      @typescript-eslint/no-unused-vars

src\pages\Settings.tsx
  Line 7:8:    'NotificationRequest' is defined but never used     @typescript-eslint/no-unused-vars
  Line 17:10:  'backgroundAudioService' is defined but never used  @typescript-eslint/no-unused-vars

src\pages\Sports\SportsHome.tsx
  Line 1:14:  'useMemo' is defined but never used         @typescript-eslint/no-unused-vars
  Line 1:33:  'useEffect' is defined but never used       @typescript-eslint/no-unused-vars
  Line 4:10:  'MdSportsSoccer' is defined but never used  @typescript-eslint/no-unused-vars
  Line 8:8:   'SearchBox' is defined but never used       @typescript-eslint/no-unused-vars

src\pages\Sports\SportsWatch.tsx
  Line 26:9:  'location' is assigned a value but never used  @typescript-eslint/no-unused-vars

src\services\download.ts
  Line 178:15:  'targetUrl' is assigned a value but never used  @typescript-eslint/no-unused-vars
  Line 219:11:  'mediaType' is assigned a value but never used  @typescript-eslint/no-unused-vars

src\services\explore.ts
  Line 5:10:   'getAllAPIContentByGenre' is defined but never used             @typescript-eslint/no-unused-vars
  Line 6:10:   'getAllSourceContent' is defined but never used                 @typescript-eslint/no-unused-vars
  Line 7:10:   'searchIMDBContentEnhanced' is defined but never used           @typescript-eslint/no-unused-vars
  Line 10:7:   'getSearchQueriesForRegion' is assigned a value but never used  @typescript-eslint/no-unused-vars
  Line 277:9:  'imdbContentTyped' is assigned a value but never used           @typescript-eslint/no-unused-vars

src\services\home.ts
  Line 8:3:     'getFZContentByGenre' is defined but never used      @typescript-eslint/no-unused-vars
  Line 12:28:   'getAllAPIContentByGenre' is defined but never used  @typescript-eslint/no-unused-vars
  Line 14:31:   'searchWatchModeTitles' is defined but never used    @typescript-eslint/no-unused-vars
  Line 15:10:   'searchStreamingTitles' is defined but never used    @typescript-eslint/no-unused-vars
  Line 188:11:  'itemsPerSource' is assigned a value but never used  @typescript-eslint/no-unused-vars
  Line 435:11:  'itemsPerSource' is assigned a value but never used  @typescript-eslint/no-unused-vars

src\services\publicSportsAPI.ts
  Line 8:7:  'LIVESCORE_BASE' is assigned a value but never used  @typescript-eslint/no-unused-vars

src\services\pushNotifications.ts
  Line 183:15:  'actionId' is assigned a value but never used  @typescript-eslint/no-unused-vars

src\services\resolver.ts
  Line 1:10:  'EMBED_ALTERNATIVES' is defined but never used       @typescript-eslint/no-unused-vars
  Line 15:7:  'resolveBackend' is assigned a value but never used  @typescript-eslint/no-unused-vars

src\services\youtubeContent.ts
  Line 2:30:    'getYouTubeVideoDetail' is defined but never used  @typescript-eslint/no-unused-vars
  Line 151:27:  'hasShortsTag' is assigned a value but never used  @typescript-eslint/no-unused-vars

src\shared\firebase.ts
  Line 3:19:  'setPersistence' is defined but never used           @typescript-eslint/no-unused-vars
  Line 3:35:  'browserLocalPersistence' is defined but never used  @typescript-eslint/no-unused-vars

src\utils\polyfills.ts
  Line 8:3:  String prototype is read only, properties should not be added  no-extend-native

Search for the keywords to learn more about each warning.
To ignore, add // eslint-disable-next-line to the line before.

File sizes after gzip:

  559.23 kB  build\static\js\main.d4f5a006.js
  20.57 kB   build\static\css\main.f3ec68b1.css
  4.89 kB    build\static\js\462.37c1d134.chunk.js
  2.55 kB    build\static\js\631.4e4bcdb8.chunk.js
  840 B      build\static\js\125.e496dce0.chunk.js
  625 B      build\static\js\551.092d6615.chunk.js
  388 B      build\static\js\484.7cb4b713.chunk.js

The bundle size is significantly larger than recommended.
Consider reducing it with code splitting: https://goo.gl/9VhYWB
You can also analyze the project dependencies: https://goo.gl/LeUzfb

The project was built assuming it is hosted at /.
You can control this with the homepage field in your package.json.

The build folder is ready to be deployed.
You may serve it with a static server:

  npm install -g serve
  serve -s build

Find out more about deployment here:

  https://cra.link/deployment

