node.exe : npm warn 
using --force 
Recommended 
protections disabled.
At line:1 char:1
+ & "C:\Program Files
\nodejs/node.exe" 
"C:\Program 
Files\nodejs/node_mo 
...
+ ~~~~~~~~~~~~~~~~~~~
~~~~~~~~~~~~~~~~~~~~~
~~~~~~~~~~~~~~~~~~~~~
~~~~~~~~
    + CategoryInfo   
           : NotSpe  
  cified: (npm war   
 n using ...tions    
 disabled.:Strin    
g) [], RemoteExc    
eption
    + FullyQualified 
   ErrorId : Native  
  CommandError
 

> streamlux@0.1.0 build
> react-scripts build

Creating an optimized production build...
Compiled with warnings.

[eslint] 
src\components\Common\Protected.tsx
  Line 2:16:  'Navigate' is defined but never used  @typescript-eslint/no-unused-vars

src\components\Common\Sidebar.tsx
  Line 9:10:  'LazyLoadImage' is defined but never used  @typescript-eslint/no-unused-vars

src\components\Explore\ExploreResult.tsx
  Line 1:10:    'motion' is defined but never used                                                                                                        @typescript-eslint/no-unused-vars
  Line 1:18:    'AnimatePresence' is defined but never used                                                                                               @typescript-eslint/no-unused-vars
  Line 189:6:   React Hook useEffect has a missing dependency: 'buildConfig'. Either include it or remove the dependency array                            react-hooks/exhaustive-deps
  Line 189:43:  React Hook useEffect has a complex expression in the dependency array. Extract it to a separate variable so it can be statically checked  react-hooks/exhaustive-deps

src\components\Explore\FilterBy.tsx
  Line 1:10:  'motion' is defined but never used           @typescript-eslint/no-unused-vars
  Line 1:18:  'AnimatePresence' is defined but never used  @typescript-eslint/no-unused-vars

src\components\Explore\SortBy.tsx
  Line 1:10:  'motion' is defined but never used           @typescript-eslint/no-unused-vars
  Line 1:18:  'AnimatePresence' is defined but never used  @typescript-eslint/no-unused-vars

src\components\FilmWatch\Comment\Comment.tsx
  Line 2:40:  'useEffect' is defined but never used  @typescript-eslint/no-unused-vars

src\components\FilmWatch\Comment\EditComment.tsx
  Line 7:10:  'motion' is defined but never used           @typescript-eslint/no-unused-vars
  Line 7:18:  'AnimatePresence' is defined but never used  @typescript-eslint/no-unused-vars

src\components\FilmWatch\Comment\Reply.tsx
  Line 1:10:  'addDoc' is defined but never used     @typescript-eslint/no-unused-vars
  Line 2:29:  'useEffect' is defined but never used  @typescript-eslint/no-unused-vars

src\components\Sports\LiveScoreboard.tsx
  Line 5:10:  'Link' is defined but never used  @typescript-eslint/no-unused-vars

src\components\Sports\LiveSportsTicker.tsx
  Line 5:10:  'Link' is defined but never used  @typescript-eslint/no-unused-vars

src\components\Sports\SportsMainContent.tsx
  Line 2:10:    'Link' is defined but never used                @typescript-eslint/no-unused-vars
  Line 7:26:    'SPORTS_CHANNELS' is defined but never used     @typescript-eslint/no-unused-vars
  Line 336:27:  'targetUrl' is assigned a value but never used  @typescript-eslint/no-unused-vars

src\components\YouTube\YouTubeDetail.tsx
  Line 22:8:  'ReadMore' is defined but never used  @typescript-eslint/no-unused-vars

src\hooks\useCollectionQuery.ts
  Line 12:11:  'TMDBCollectionQueryParams' is defined but never used                                                          @typescript-eslint/no-unused-vars
  Line 273:6:  React Hook useEffect has a missing dependency: 'collection'. Either include it or remove the dependency array  react-hooks/exhaustive-deps

src\hooks\useHomeData.ts
  Line 2:10:  'useEffect' is defined but never used             @typescript-eslint/no-unused-vars
  Line 13:9:  'queryClient' is assigned a value but never used  @typescript-eslint/no-unused-vars

src\pages\Explore.tsx
  Line 14:9:  'navigate' is assigned a value but never used  @typescript-eslint/no-unused-vars

src\pages\Settings.tsx
  Line 7:8:    'NotificationRequest' is defined but never used     @typescript-eslint/no-unused-vars
  Line 17:10:  'backgroundAudioService' is defined but never used  @typescript-eslint/no-unused-vars

src\pages\Sports\SportsHome.tsx
  Line 1:14:  'useMemo' is defined but never used         @typescript-eslint/no-unused-vars
  Line 1:33:  'useEffect' is defined but never used       @typescript-eslint/no-unused-vars
  Line 4:10:  'MdSportsSoccer' is defined but never used  @typescript-eslint/no-unused-vars
  Line 8:8:   'SearchBox' is defined but never used       @typescript-eslint/no-unused-vars

src\pages\Sports\SportsWatch.tsx
  Line 26:9:  'location' is assigned a value but never used  @typescript-eslint/no-unused-vars

src\services\download.ts
  Line 371:15:  'targetUrl' is assigned a value but never used  @typescript-eslint/no-unused-vars
  Line 412:11:  'mediaType' is assigned a value but never used  @typescript-eslint/no-unused-vars

src\services\explore.ts
  Line 5:10:   'getAllAPIContentByGenre' is defined but never used             @typescript-eslint/no-unused-vars
  Line 6:10:   'getAllSourceContent' is defined but never used                 @typescript-eslint/no-unused-vars
  Line 7:10:   'searchIMDBContentEnhanced' is defined but never used           @typescript-eslint/no-unused-vars
  Line 10:7:   'getSearchQueriesForRegion' is assigned a value but never used  @typescript-eslint/no-unused-vars
  Line 274:9:  'imdbContentTyped' is assigned a value but never used           @typescript-eslint/no-unused-vars

src\services\home.ts
  Line 8:3:    'getFZContentByGenre' is defined but never used      @typescript-eslint/no-unused-vars
  Line 12:28:  'getAllAPIContentByGenre' is defined but never used  @typescript-eslint/no-unused-vars

src\services\publicSportsAPI.ts
  Line 8:7:  'LIVESCORE_BASE' is assigned a value but never used  @typescript-eslint/no-unused-vars

src\services\pushNotifications.ts
  Line 183:15:  'actionId' is assigned a value but never used  @typescript-eslint/no-unused-vars

src\services\youtubeContent.ts
  Line 2:30:  'getYouTubeVideoDetail' is defined but never used  @typescript-eslint/no-unused-vars

src\shared\firebase.ts
  Line 3:19:  'setPersistence' is defined but never used           @typescript-eslint/no-unused-vars
  Line 3:35:  'browserLocalPersistence' is defined but never used  @typescript-eslint/no-unused-vars

src\utils\polyfills.ts
  Line 8:3:  String prototype is read only, properties should not be added  no-extend-native

Search for the keywords to learn more about each warning.
To ignore, add // eslint-disable-next-line to the line before.

File sizes after gzip:

  545.39 kB  build\static\js\main.51a8610e.js
  20.2 kB    build\static\css\main.734df53a.css
  2.55 kB    build\static\js\631.4e4bcdb8.chunk.js
  625 B      build\static\js\551.092d6615.chunk.js
  388 B      build\static\js\484.7cb4b713.chunk.js

The bundle size is significantly larger than recommended.
Consider reducing it with code splitting: https://goo.gl/9VhYWB
You can also analyze the project dependencies: https://goo.gl/LeUzfb

The project was built assuming it is hosted at /.
You can control this with the homepage field in your package.json.

The build folder is ready to be deployed.
You may serve it with a static server:

  npm install -g serve
  serve -s build

Find out more about deployment here:

  https://cra.link/deployment

