node.exe : npm warn 
using --force 
Recommended 
protections disabled.
At line:1 char:1
+ & "C:\Program Files
\nodejs/node.exe" 
"C:\Program 
Files\nodejs/node_mo 
...
+ ~~~~~~~~~~~~~~~~~~~
~~~~~~~~~~~~~~~~~~~~~
~~~~~~~~~~~~~~~~~~~~~
~~~~~~~~
    + CategoryInfo   
           : NotSpe  
  cified: (npm war   
 n using ...tions    
 disabled.:Strin    
g) [], RemoteExc    
eption
    + FullyQualified 
   ErrorId : Native  
  CommandError
 
node_modules/i18next/typescript/t.d.ts(298,5): error TS1139: Type parameter declaration expected.
node_modules/i18next/typescript/t.d.ts(298,15): error TS1005: ',' expected.
node_modules/i18next/typescript/t.d.ts(298,32): error TS1005: ',' expected.
node_modules/i18next/typescript/t.d.ts(298,35): error TS1005: '>' expected.
node_modules/i18next/typescript/t.d.ts(298,52): error TS1109: Expression expected.
node_modules/i18next/typescript/t.d.ts(299,5): error TS1109: Expression expected.
node_modules/i18next/typescript/t.d.ts(299,16): error TS1005: ',' expected.
node_modules/i18next/typescript/t.d.ts(300,9): error TS1005: ',' expected.
node_modules/i18next/typescript/t.d.ts(300,32): error TS1005: ',' expected.
node_modules/i18next/typescript/t.d.ts(300,35): error TS1005: '>' expected.
node_modules/i18next/typescript/t.d.ts(300,73): error TS1109: Expression expected.
node_modules/i18next/typescript/t.d.ts(301,3): error TS1109: Expression expected.
node_modules/i18next/typescript/t.d.ts(302,8): error TS1005: ')' expected.
node_modules/i18next/typescript/t.d.ts(302,20): error TS1011: An element access expression should take an argument.
node_modules/i18next/typescript/t.d.ts(303,13): error TS1109: Expression expected.
node_modules/i18next/typescript/t.d.ts(304,3): error TS1109: Expression expected.
node_modules/i18next/typescript/t.d.ts(304,4): error TS1128: Declaration or statement expected.
node_modules/i18next/typescript/t.d.ts(306,11): error TS1005: '>' expected.
node_modules/i18next/typescript/t.d.ts(306,15): error TS1005: ';' expected.
node_modules/i18next/typescript/t.d.ts(307,5): error TS1109: Expression expected.
node_modules/i18next/typescript/t.d.ts(307,16): error TS1005: ',' expected.
node_modules/i18next/typescript/t.d.ts(308,9): error TS1005: ',' expected.
node_modules/i18next/typescript/t.d.ts(308,32): error TS1005: ',' expected.
node_modules/i18next/typescript/t.d.ts(308,35): error TS1005: '>' expected.
node_modules/i18next/typescript/t.d.ts(308,73): error TS1109: Expression expected.
node_modules/i18next/typescript/t.d.ts(309,3): error TS1109: Expression expected.
node_modules/i18next/typescript/t.d.ts(310,8): error TS1005: ')' expected.
node_modules/i18next/typescript/t.d.ts(310,20): error TS1011: An element access expression should take an argument.
node_modules/i18next/typescript/t.d.ts(311,17): error TS1005: ';' expected.
node_modules/i18next/typescript/t.d.ts(312,13): error TS1109: Expression expected.
node_modules/i18next/typescript/t.d.ts(313,3): error TS1109: Expression expected.
node_modules/i18next/typescript/t.d.ts(313,4): error TS1128: Declaration or statement expected.
node_modules/i18next/typescript/t.d.ts(314,1): error TS1128: Declaration or statement expected.
node_modules/i18next/typescript/t.d.ts(319,5): error TS1139: Type parameter declaration expected.
node_modules/i18next/typescript/t.d.ts(319,15): error TS1005: ',' expected.
node_modules/i18next/typescript/t.d.ts(319,32): error TS1005: ',' expected.
node_modules/i18next/typescript/t.d.ts(319,35): error TS1005: '>' expected.
node_modules/i18next/typescript/t.d.ts(319,52): error TS1109: Expression expected.
node_modules/i18next/typescript/t.d.ts(320,5): error TS1109: Expression expected.
node_modules/i18next/typescript/t.d.ts(320,16): error TS1005: ',' expected.
node_modules/i18next/typescript/t.d.ts(321,9): error TS1005: ',' expected.
node_modules/i18next/typescript/t.d.ts(321,32): error TS1005: ',' expected.
node_modules/i18next/typescript/t.d.ts(321,35): error TS1005: '>' expected.
node_modules/i18next/typescript/t.d.ts(321,73): error TS1109: Expression expected.
node_modules/i18next/typescript/t.d.ts(322,5): error TS1109: Expression expected.
node_modules/i18next/typescript/t.d.ts(322,25): error TS1005: ',' expected.
node_modules/i18next/typescript/t.d.ts(322,38): error TS1005: ',' expected.
node_modules/i18next/typescript/t.d.ts(322,62): error TS1005: ';' expected.
node_modules/i18next/typescript/t.d.ts(323,18): error TS1005: ';' expected.
node_modules/i18next/typescript/t.d.ts(324,3): error TS1109: Expression expected.
node_modules/i18next/typescript/t.d.ts(325,5): error TS1109: Expression expected.
node_modules/i18next/typescript/t.d.ts(326,7): error TS1109: Expression expected.
node_modules/i18next/typescript/t.d.ts(326,13): error TS1005: ',' expected.
node_modules/i18next/typescript/t.d.ts(326,25): error TS1011: An element access expression should take an argument.
node_modules/i18next/typescript/t.d.ts(326,36): error TS1109: Expression expected.
node_modules/i18next/typescript/t.d.ts(327,13): error TS1005: ',' expected.
node_modules/i18next/typescript/t.d.ts(327,31): error TS1011: An element access expression should take an argument.
node_modules/i18next/typescript/t.d.ts(327,41): error TS1005: ',' expected.
node_modules/i18next/typescript/t.d.ts(328,13): error TS1005: ',' expected.
node_modules/i18next/typescript/t.d.ts(328,31): error TS1011: An element access expression should take an argument.
node_modules/i18next/typescript/t.d.ts(328,46): error TS1005: ',' expected.
node_modules/i18next/typescript/t.d.ts(328,70): error TS1109: Expression expected.
node_modules/i18next/typescript/t.d.ts(329,3): error TS1128: Declaration or statement expected.
node_modules/i18next/typescript/t.d.ts(329,4): error TS1128: Declaration or statement expected.
node_modules/i18next/typescript/t.d.ts(330,1): error TS1128: Declaration or statement expected.
node_modules/i18next/typescript/t.d.ts(353,5): error TS1139: Type parameter declaration expected.
node_modules/i18next/typescript/t.d.ts(353,16): error TS1005: ',' expected.
node_modules/i18next/typescript/t.d.ts(353,39): error TS1005: ',' expected.
node_modules/i18next/typescript/t.d.ts(353,46): error TS1109: Expression expected.
node_modules/i18next/typescript/t.d.ts(354,11): error TS1005: ';' expected.
node_modules/i18next/typescript/t.d.ts(355,12): error TS1005: ';' expected.
node_modules/i18next/typescript/t.d.ts(356,3): error TS1109: Expression expected.
node_modules/i18next/typescript/t.d.ts(357,13): error TS1005: ')' expected.
node_modules/i18next/typescript/t.d.ts(358,12): error TS1005: ';' expected.
node_modules/i18next/typescript/t.d.ts(359,3): error TS1109: Expression expected.
node_modules/i18next/typescript/t.d.ts(359,4): error TS1128: Declaration or statement expected.
node_modules/i18next/typescript/t.d.ts(360,40): error TS1005: '?' expected.
node_modules/i18next/typescript/t.d.ts(360,42): error TS1109: Expression expected.
node_modules/i18next/typescript/t.d.ts(360,53): error TS1005: ',' expected.
node_modules/i18next/typescript/t.d.ts(360,76): error TS1005: ',' expected.
node_modules/i18next/typescript/t.d.ts(360,80): error TS1109: Expression expected.
node_modules/i18next/typescript/t.d.ts(361,13): error TS1005: ')' expected.
node_modules/i18next/typescript/t.d.ts(362,13): error TS1109: Expression expected.
node_modules/i18next/typescript/t.d.ts(363,3): error TS1109: Expression expected.
node_modules/i18next/typescript/t.d.ts(363,4): error TS1128: Declaration or statement expected.
node_modules/i18next/typescript/t.d.ts(364,1): error TS1128: Declaration or statement expected.
node_modules/react-i18next/index.d.ts(221,5): error TS1139: Type parameter declaration expected.
node_modules/react-i18next/index.d.ts(221,14): error TS1005: ',' expected.
node_modules/react-i18next/index.d.ts(221,36): error TS1005: ',' expected.
node_modules/react-i18next/index.d.ts(221,72): error TS1005: ';' expected.
node_modules/react-i18next/index.d.ts(222,5): error TS1109: Expression expected.
node_modules/react-i18next/index.d.ts(222,19): error TS1005: ',' expected.
node_modules/react-i18next/index.d.ts(222,36): error TS1005: ',' expected.
node_modules/react-i18next/index.d.ts(222,53): error TS1109: Expression expected.
node_modules/react-i18next/index.d.ts(223,3): error TS1109: Expression expected.
node_modules/react-i18next/index.d.ts(224,8): error TS1109: Expression expected.
node_modules/react-i18next/index.d.ts(225,13): error TS1109: Expression expected.
node_modules/react-i18next/index.d.ts(226,3): error TS1109: Expression expected.
node_modules/react-i18next/index.d.ts(226,4): error TS1005: ';' expected.
node_modules/react-i18next/index.d.ts(227,1): error TS1128: Declaration or statement expected.
node_modules/react-i18next/index.d.ts(231,5): error TS1139: Type parameter declaration expected.
node_modules/react-i18next/index.d.ts(231,14): error TS1005: ',' expected.
node_modules/react-i18next/index.d.ts(231,36): error TS1005: ',' expected.
node_modules/react-i18next/index.d.ts(231,72): error TS1005: ';' expected.
node_modules/react-i18next/index.d.ts(232,5): error TS1109: Expression expected.
node_modules/react-i18next/index.d.ts(233,3): error TS1109: Expression expected.
node_modules/react-i18next/index.d.ts(234,8): error TS1109: Expression expected.
node_modules/react-i18next/index.d.ts(235,13): error TS1109: Expression expected.
node_modules/react-i18next/index.d.ts(236,3): error TS1109: Expression expected.
node_modules/react-i18next/index.d.ts(236,4): error TS1005: ';' expected.
node_modules/react-i18next/index.d.ts(237,1): error TS1128: Declaration or statement expected.
node_modules/react-i18next/TransWithoutContext.d.ts(83,5): error TS1139: Type parameter declaration expected.
node_modules/react-i18next/TransWithoutContext.d.ts(83,14): error TS1005: ',' expected.
node_modules/react-i18next/TransWithoutContext.d.ts(85,14): error TS1005: ',' expected.
node_modules/react-i18next/TransWithoutContext.d.ts(85,29): error TS1005: ',' expected.
node_modules/react-i18next/TransWithoutContext.d.ts(85,41): error TS1005: ';' expected.
node_modules/react-i18next/TransWithoutContext.d.ts(86,10): error TS1005: ';' expected.
node_modules/react-i18next/TransWithoutContext.d.ts(86,52): error TS1005: ';' expected.
node_modules/react-i18next/TransWithoutContext.d.ts(86,75): error TS1128: Declaration or statement expected.
node_modules/react-i18next/TransWithoutContext.d.ts(88,3): error TS1109: Expression expected.
node_modules/react-i18next/TransWithoutContext.d.ts(89,10): error TS1005: ')' expected.
node_modules/react-i18next/TransWithoutContext.d.ts(90,3): error TS1109: Expression expected.
node_modules/react-i18next/TransWithoutContext.d.ts(90,4): error TS1128: Declaration or statement expected.
node_modules/react-i18next/TransWithoutContext.d.ts(91,1): error TS1128: Declaration or statement expected.
